-4.25958 
4.25958 
-4.3667 
4.86104 
5.6892 
-0.00829241 
-2.80945 
0.0691541 
-0.479281 
-306.465 
306.465 
-2.87883 
0 
0 
0 
0 
0 
0 
0 
0 
0.00937787 
509.192 
0.508883 
0.361923 
117.601 
635.059 
939.209 
0.0430722 
0.00889196 
741.02 
0 
0 
0 
0 
0 
0 
0 
