V(n16)
V(n15)
V(n8)
V(n18)
V(n19)
V(n2)
V(n9)
V(n1)
V(n12)
V(n5)
V(n20)
V(n17)
V(n14)
V(n13)
V(n11)
V(n3)
V(n10)
V(n4)
V(n7)
V(n6)
I(V10)
I(V9)
I(V8)
I(V7)
I(V6)
I(V5)
I(V4)
I(V3)
I(V2)
I(V1)
I(R30)
I(R21)
I(R18)
I(R16)
I(R12)
I(R2)
I(R1)
