-0.001 
0.001 
0 
0 
0.001 
0 
0 
0 
0 
0 
2 
0.2 
2 
