V(n4)
V(n8)
V(n3)
V(n2)
V(n6)
V(n5)
V(n1)
V(n7)
I(R8)
I(R3)
I(V3)
I(V2)
I(V1)
