10 0 -10 0 0 0 0 0 1 0 0 0 0 
0 0.001 0 0 0 0 0 0 0 0 0 0 0 
-10 0 10 0 0 0 0 0 0 0 0 1 0 
0 0 0 1.66667 -0.666667 0 -1 0 0 -1 0 -1 0 
0 0 0 -0.666667 10.6667 -10 0 0 0 0 -1 0 0 
0 0 0 0 -10 10.6667 -0.666667 0 0 1 0 0 1 
0 0 0 -1 0 -0.666667 1.66667 0 0 0 0 0 0 
0 0 0 0 0 0 0 0 0 0 1 0 0 
1 0 0 0 0 0 0 0 -10 0 0 0 0 
0 0 0 -1 0 1 0 0 0 -50 0 0 0 
0 0 0 0 -1 0 0 1 0 0 0 0 0 
0 0 1 -1 0 0 0 0 0 0 0 0 0 
0 0 0 0 0 1 0 0 0 0 0 0 0 
